(base) nightree@nightreedeMacBook-Air Documents % cd git_challenge 
(base) nightree@nightreedeMacBook-Air git_challenge % touch hello_world/txt
touch: hello_world/txt: No such file or directory
(base) nightree@nightreedeMacBook-Air git_challenge % touch hello_world.txt
(base) nightree@nightreedeMacBook-Air git_challenge % git init
Initialized empty Git repository in /Users/nightree/Documents/git_challenge/.git/
(base) nightree@nightreedeMacBook-Air git_challenge % git add .
(base) nightree@nightreedeMacBook-Air git_challenge % git commit -m "first commit"
[main (root-commit) 44d95f2] first commit
 1 file changed, 1 insertion(+)
 create mode 100644 hello_world.txt
(base) nightree@nightreedeMacBook-Air git_challenge % git add .                   
(base) nightree@nightreedeMacBook-Air git_challenge % git commit -m "sencond commit"
[main 3bd1d97] sencond commit
 1 file changed, 2 insertions(+), 1 deletion(-)
(base) nightree@nightreedeMacBook-Air git_challenge % git log
commit 3bd1d973f3db61798fe2073ed591c04fe464354a (HEAD -> main)
Author: nightree54 <night.s.tree@gmail.com>
Date:   Sat Dec 13 16:56:28 2025 +0900

    sencond commit

commit 44d95f2f1aaf2b9f7866ced8453812438aef9ad8
Author: nightree54 <night.s.tree@gmail.com>
Date:   Sat Dec 13 16:55:48 2025 +0900

    first commit
(base) nightree@nightreedeMacBook-Air git_challenge % cd ..
(base) nightree@nightreedeMacBook-Air Documents % ls
a1627262193495.numbers  git_challenge           kadai                   samurai-terakoya
a1627262193495.pdf      git_tutorial            rizumu.pdf
(base) nightree@nightreedeMacBook-Air Documents % cd kadai 
(base) nightree@nightreedeMacBook-Air kadai % touch kadai_005.txt